# search_sources run 2026-07-23
[property24.com] scanning 30 regions ...
[property24.com] outcome=FAILED pages=30 harvested=0 new=0 err='HTTP 503'
[privateproperty.co.za] scanning 30 regions ...
[privateproperty.co.za] outcome=FAILED pages=30 harvested=0 new=0 err='HTTP 404'
[pamgolding.co.za] scanning 30 regions ...
[pamgolding.co.za] outcome=NO_RESULTS pages=30 harvested=0 new=0 err=''
[seeff.com] scanning 30 regions ...
[seeff.com] outcome=SUCCESS pages=30 harvested=1 new=1 err=''
[sothebysrealty.co.za] scanning 30 regions ...
[sothebysrealty.co.za] outcome=FAILED pages=30 harvested=0 new=0 err='HTTP 404'
[chaseveritt.co.za] scanning 30 regions ...
[chaseveritt.co.za] outcome=NO_RESULTS pages=30 harvested=0 new=0 err=''
[remax.co.za] scanning 30 regions ...
[remax.co.za] outcome=NO_RESULTS pages=30 harvested=0 new=0 err=''
[engelvoelkers.com] scanning 30 regions ...
[engelvoelkers.com] outcome=FAILED pages=30 harvested=0 new=0 err='HTTP 403'
[rawson.co.za] scanning 30 regions ...
[rawson.co.za] outcome=FAILED pages=30 harvested=0 new=0 err='HTTP 404'
[jawitz.co.za] scanning 30 regions ...
[jawitz.co.za] outcome=SUCCESS pages=30 harvested=2 new=2 err=''
[greeff.co.za] scanning 30 regions ...
[greeff.co.za] outcome=NO_RESULTS pages=30 harvested=0 new=0 err=''
[dgproperties.co.za] scanning 30 regions ...
[dgproperties.co.za] outcome=SUCCESS pages=30 harvested=2 new=2 err=''
[quay1.co.za] scanning 30 regions ...
[quay1.co.za] outcome=SUCCESS pages=30 harvested=4 new=4 err=''
[thestorey.co.za] scanning 30 regions ...
[thestorey.co.za] outcome=NO_RESULTS pages=30 harvested=0 new=0 err=''
[surdoprop.co.za] scanning 30 regions ...
[surdoprop.co.za] outcome=FAILED pages=30 harvested=0 new=0 err='HTTP 404'
[cambierproperties.com] scanning 30 regions ...
[cambierproperties.com] outcome=FAILED pages=30 harvested=0 new=0 err='HTTP 503'
[headsproperty.co.za] scanning 30 regions ...
[headsproperty.co.za] outcome=NO_RESULTS pages=30 harvested=0 new=0 err=''
# enrich_candidates run 2026-07-23
SKIP-CRITERIA https://www.seeff.com/results/residential/for-sale/cape-town/wynberg/apartment/3340392 price=None beds=2
SKIP-CRITERIA https://www.jawitz.co.za/results/residential/for-sale/cape-town/de-waterkant/apartment/3162101 price=None beds=None
SKIP-CRITERIA https://www.jawitz.co.za/results/residential/for-sale/cape-town/oranjezicht/house/3327503 price=None beds=None
SKIP-CRITERIA https://www.dgproperties.co.za/results/residential/for-sale/cape-town/wynberg-upper/apartment/2348664 price=2175000 beds=2
FETCH-FAIL https://www.dgproperties.co.za/results/residential/for-sale/cape-town/wynberg-upper/apartment/2348664/&text=DG
SKIP-CRITERIA https://www.quay1.co.za/results/residential/for-sale/cape-town/constantia/townhouse/3320238 price=18000000 beds=3
FETCH-FAIL https://www.quay1.co.za/results/residential/for-sale/cape-town/constantia/townhouse/3320238/&text=Quay
SKIP-CRITERIA https://www.quay1.co.za/results/residential/for-sale/cape-town/kenilworth-upper/apartment/3166649 price=2995000 beds=3
FETCH-FAIL https://www.quay1.co.za/results/residential/for-sale/cape-town/kenilworth-upper/apartment/3166649/&text=Quay
